#-----------------------------------------------------------
# Vivado v2025.1 (64-bit)
# SW Build 6140274 on Thu May 22 00:12:29 MDT 2025
# IP Build 6138677 on Thu May 22 03:10:11 MDT 2025
# SharedData Build 6139179 on Tue May 20 17:58:58 MDT 2025
# Start of session at: Fri Sep 26 12:29:52 2025
# Process ID         : 9760
# Current directory  : C:/Users/caleb/Documents/ENEL-453/lab3/Lab_3er/Lab_3er.runs/synth_1
# Command line       : vivado.exe -log lab_3_top_level.vds -product Vivado -mode batch -messageDb vivado.pb -notrace -source lab_3_top_level.tcl
# Log file           : C:/Users/caleb/Documents/ENEL-453/lab3/Lab_3er/Lab_3er.runs/synth_1/lab_3_top_level.vds
# Journal file       : C:/Users/caleb/Documents/ENEL-453/lab3/Lab_3er/Lab_3er.runs/synth_1\vivado.jou
# Running On         : RockCollector
# Platform           : Windows Server 2016 or Windows 10
# Operating System   : 26100
# Processor Detail   : AMD Ryzen 7 5700U with Radeon Graphics         
# CPU Frequency      : 1797 MHz
# CPU Physical cores : 8
# CPU Logical cores  : 16
# Host memory        : 16486 MB
# Swap memory        : 1073 MB
# Total Virtual      : 17559 MB
# Available Virtual  : 3225 MB
#-----------------------------------------------------------
source lab_3_top_level.tcl -notrace
