#-----------------------------------------------------------
# Vivado v2025.1 (64-bit)
# SW Build 6140274 on Thu May 22 00:12:29 MDT 2025
# IP Build 6138677 on Thu May 22 03:10:11 MDT 2025
# SharedData Build 6139179 on Tue May 20 17:58:58 MDT 2025
# Start of session at: Fri Sep  5 12:23:57 2025
# Process ID         : 25204
# Current directory  : C:/Users/vikra/Documents/School/ThirdYearEng/FALL/ENEL453/lab1/lab1a/lab1a.runs/impl_1
# Command line       : vivado.exe -log lab_1a_top_level.vdi -applog -product Vivado -messageDb vivado.pb -mode batch -source lab_1a_top_level.tcl -notrace
# Log file           : C:/Users/vikra/Documents/School/ThirdYearEng/FALL/ENEL453/lab1/lab1a/lab1a.runs/impl_1/lab_1a_top_level.vdi
# Journal file       : C:/Users/vikra/Documents/School/ThirdYearEng/FALL/ENEL453/lab1/lab1a/lab1a.runs/impl_1\vivado.jou
# Running On         : VikramAsus
# Platform           : Windows Server 2016 or Windows 10
# Operating System   : 26100
# Processor Detail   : 13th Gen Intel(R) Core(TM) i5-1335U
# CPU Frequency      : 2496 MHz
# CPU Physical cores : 10
# CPU Logical cores  : 12
# Host memory        : 16786 MB
# Swap memory        : 21474 MB
# Total Virtual      : 38261 MB
# Available Virtual  : 11623 MB
#-----------------------------------------------------------
source lab_1a_top_level.tcl -notrace
