#-----------------------------------------------------------
# Vivado v2025.1 (64-bit)
# SW Build 6140274 on Thu May 22 00:12:29 MDT 2025
# IP Build 6138677 on Thu May 22 03:10:11 MDT 2025
# SharedData Build 6139179 on Tue May 20 17:58:58 MDT 2025
# Start of session at: Thu Sep 11 13:43:43 2025
# Process ID         : 10528
# Current directory  : C:/Users/vikra/Documents/School/ThirdYearEng/FALL/ENEL453/lab1b/lab_1b/lab_1b.runs/synth_1
# Command line       : vivado.exe -log lab_1a_top_level.vds -product Vivado -mode batch -messageDb vivado.pb -notrace -source lab_1a_top_level.tcl
# Log file           : C:/Users/vikra/Documents/School/ThirdYearEng/FALL/ENEL453/lab1b/lab_1b/lab_1b.runs/synth_1/lab_1a_top_level.vds
# Journal file       : C:/Users/vikra/Documents/School/ThirdYearEng/FALL/ENEL453/lab1b/lab_1b/lab_1b.runs/synth_1\vivado.jou
# Running On         : VikramAsus
# Platform           : Windows Server 2016 or Windows 10
# Operating System   : 26100
# Processor Detail   : 13th Gen Intel(R) Core(TM) i5-1335U
# CPU Frequency      : 2496 MHz
# CPU Physical cores : 10
# CPU Logical cores  : 12
# Host memory        : 16786 MB
# Swap memory        : 20401 MB
# Total Virtual      : 37187 MB
# Available Virtual  : 19025 MB
#-----------------------------------------------------------
source lab_1a_top_level.tcl -notrace
